2024-01-15 08:00:00 ERROR [LoadBalancer] Connection lost to primary database
2024-01-15 08:00:04 INFO [PaymentService] User profile loaded: user_id=92953
2024-01-15 08:00:08 INFO [WebServer] CPU usage: 24%
2024-01-15 08:00:09 ERROR [CacheService] Configuration validation failed
2024-01-15 08:00:08 INFO [NotificationService] Data synchronized successfully
2024-01-15 08:00:05 ERROR [APIGateway] Token expired
2024-01-15 08:00:18 ERROR [PaymentService] Invalid token provided
2024-01-15 08:00:07 WARN [APIGateway] Slow query detected: 0.4s execution time
2024-01-15 08:00:24 ERROR [AuthService] CRITICAL: Memory usage at 99% - system may crash
2024-01-15 08:00:27 INFO [UserService] User logout successful: user_id=22588
2024-01-15 08:00:50 INFO [UserService] User login successful: user_id=28751
2024-01-15 08:00:55 WARN [SystemService] Cache miss for key: user_preferences_62679
2024-01-15 08:00:24 WARN [MicroService] Rate limit approaching: 90% of quota used
2024-01-15 08:00:13 INFO [MicroService] Memory usage: 54%
2024-01-15 08:00:28 INFO [NotificationService] Request processed successfully
2024-01-15 08:00:30 INFO [CacheService] Cache hit for key: user_profile_55227
2024-01-15 08:01:04 WARN [WebServer] Cache miss for key: user_preferences_74367
2024-01-15 08:00:34 INFO [APIGateway] Configuration updated
2024-01-15 08:00:18 ERROR [APIGateway] Transaction rollback required
2024-01-15 08:00:57 ERROR [UserService] Transaction rollback required
2024-01-15 08:01:40 ERROR [APIGateway] Database query failed: syntax error
2024-01-15 08:01:24 INFO [NotificationService] Query executed successfully: SELECT * FROM users WHERE id=27797
2024-01-15 08:01:06 WARN [LoadBalancer] Deprecated API endpoint accessed
2024-01-15 08:01:32 ERROR [MicroService] Authentication failed for user 50439
2024-01-15 08:01:12 INFO [SystemService] User login successful: user_id=59615
2024-01-15 08:00:50 WARN [APIGateway] High memory usage detected: 61%
2024-01-15 08:01:44 WARN [CacheService] SSL certificate expires in 30 days
2024-01-15 08:01:48 INFO [APIGateway] User login successful: user_id=35692
2024-01-15 08:01:24 ERROR [DatabaseService] Service unavailable: dependency down
2024-01-15 08:01:27 INFO [APIGateway] Cache hit for key: user_profile_42553
2024-01-15 08:01:00 WARN [CacheService] High memory usage detected: 97%
2024-01-15 08:01:33 WARN [PaymentService] Slow query detected: 4.8s execution time
2024-01-15 08:01:36 INFO [LoadBalancer] Data synchronized successfully
2024-01-15 08:01:39 WARN [WebServer] Cache miss for key: user_preferences_86007
2024-01-15 08:00:34 WARN [SystemService] Connection pool at 80% capacity
2024-01-15 08:02:55 ERROR [DatabaseService] Token expired
2024-01-15 08:02:24 ERROR [NotificationService] Connection lost to primary database
2024-01-15 08:01:14 WARN [CacheService] MALFORMED_LOG_ENTRY_WITHOUT_PROPER_FORMAT
2024-01-15 08:01:16 WARN [WebServer] High memory usage detected: 25%
2024-01-15 08:00:39 ERROR [SystemService] ERROR: Database connection pool exhausted - 0 connections available
2024-01-15 08:02:40 WARN [CacheService] Cache eviction: 4738 entries removed
2024-01-15 08:03:25 INFO [UserService] Token validation successful
2024-01-15 08:03:30 WARN [MicroService] Cache eviction: 971 entries removed
2024-01-15 08:00:43 WARN [NotificationService] Cache eviction: 207 entries removed
2024-01-15 08:03:40 ERROR [UserService] ERROR: Connection timeout after 60s - database unreachable
2024-01-15 08:03:45 WARN [NotificationService] High CPU usage detected: 34%
2024-01-15 08:03:50 ERROR [CacheService] Invalid token provided
2024-01-15 08:03:55 ERROR [AuthService] Connection lost to primary database
2024-01-15 08:03:12 ERROR [UserService] Invalid token provided
2024-01-15 08:01:38 WARN [DatabaseService] Cache miss for key: user_preferences_99797
2024-01-15 08:00:50 ERROR [WebServer] Connection lost to primary database
2024-01-15 08:02:33 INFO [WebServer] Cache hit for key: user_profile_91846
2024-01-15 08:01:44 WARN [SystemService] High CPU usage detected: 67%
2024-01-15 08:04:25 ERROR [UserService] Invalid token provided
2024-01-15 08:00:54 INFO [WebServer] Data synchronized successfully
2024-01-15 08:00:55 ERROR [NotificationService] Connection timeout after 30s
2024-01-15 08:04:40 ERROR [QueueService] Database query failed: syntax error
2024-01-15 08:01:54 INFO [PaymentService] User logout successful: user_id=18995
2024-01-15 08:02:54 WARN [NotificationService] High memory usage detected: 46%
2024-01-15 08:02:57 ERROR [MicroService] Connection timeout after 30s
2024-01-15 08:01:00 ERROR [WebServer] Failover to secondary database
2024-01-15 08:01:01 ERROR [LoadBalancer] Token expired
2024-01-15 08:04:08 WARN [WebServer] Connection pool at 80% capacity
2024-01-15 08:01:03 INFO [UserService] Memory usage: 92%
2024-01-15 08:03:12 ERROR [LoadBalancer] Transaction rollback required
2024-01-15 08:03:15 INFO [SystemService] Data synchronized successfully
2024-01-15 08:01:06 ERROR [PaymentService] Backup failed: insufficient space
2024-01-15 08:02:14 ERROR [PaymentService] Connection lost to primary database
2024-01-15 08:04:32 ERROR [SystemService] Configuration validation failed
2024-01-15 08:02:18 WARN [CacheService] High memory usage detected: 78%
2024-01-15 08:02:20 INFO [WebServer] Request processed successfully
2024-01-15 08:02:22 ERROR [PaymentService] Transaction rollback required
2024-01-15 08:01:12 INFO [AuthService] Configuration updated
2024-01-15 08:04:52 INFO [WebServer] Data synchronized successfully
2024-01-15 08:06:10 ERROR [LoadBalancer] Failover to secondary database
2024-01-15 08:03:45 INFO [CacheService] Query executed successfully: SELECT * FROM users WHERE id=15625
2024-01-15 08:01:16 ERROR [CacheService] Invalid token provided
2024-01-15 08:01:17 WARN [APIGateway] SSL certificate expires in 30 days
2024-01-15 08:01:18 ERROR [SystemService] Configuration validation failed
2024-01-15 08:05:16 ERROR [PaymentService] Authentication failed for user 60214
2024-01-15 08:01:20 WARN [NotificationService] Slow query detected: 2.4s execution time
2024-01-15 08:04:03 WARN [QueueService] Slow query detected: 0.9s execution time
2024-01-15 08:04:06 WARN [UserService] Rate limit approaching: 90% of quota used
2024-01-15 08:02:46 INFO [SystemService] Configuration updated
2024-01-15 08:02:48 INFO [WebServer] Token validation successful
2024-01-15 08:01:25 INFO [APIGateway] Configuration updated
2024-01-15 08:05:44 INFO [QueueService] Backup completed successfully
2024-01-15 08:04:21 ERROR [NotificationService] Transaction rollback required
2024-01-15 08:01:28 ERROR [UserService] ERROR: Connection timeout after 60s - database unreachable
2024-01-15 08:07:25 INFO [SystemService] CPU usage: 56%
2024-01-15 08:07:30 WARN [WebServer] EMERGENCY: CPU usage at 100% - immediate attention required
2024-01-15 08:04:33 WARN [PaymentService] High CPU usage detected: 71%
2024-01-15 08:03:04 ERROR [AuthService] Invalid token provided
2024-01-15 08:03:06 WARN [NotificationService] Slow query detected: 1.1s execution time
2024-01-15 08:07:50 WARN [QueueService] Cache miss for key: user_preferences_88564
2024-01-15 08:04:45 WARN [DatabaseService] Disk space at 85% capacity
2024-01-15 08:06:24 ERROR [UserService] Token expired
2024-01-15 08:06:28 INFO [UserService] CPU usage: 92%
2024-01-15 08:03:16 WARN [PaymentService] Deprecated API endpoint accessed
2024-01-15 08:03:18 ERROR [NotificationService] Connection lost to primary database
2024-01-15 08:01:40 WARN [APIGateway] Disk space at 85% capacity
2024-01-15 08:01:41 INFO [NotificationService] Health check passed
2024-01-15 08:06:48 WARN [MicroService] Cache eviction: 647 entries removed
2024-01-15 08:01:43 WARN [NotificationService] Deprecated API endpoint accessed
2024-01-15 08:03:28 ERROR [DatabaseService] Disk space low: 60% remaining
2024-01-15 08:01:45 ERROR [CacheService] ERROR [Service] Missing timestamp
2024-01-15 08:01:46 WARN [SystemService] Cache eviction: 3087 entries removed
2024-01-15 08:01:47 ERROR [PaymentService] Service unavailable: dependency down
2024-01-15 08:09:00 WARN [APIGateway] Rate limit approaching: 90% of quota used
2024-01-15 08:05:27 ERROR [QueueService] ERROR: Invalid token provided - potential security breach
2024-01-15 08:05:30 ERROR [CacheService] Invalid token provided
2024-01-15 08:05:33 WARN [CacheService] Rate limit approaching: 90% of quota used
2024-01-15 08:03:44 INFO [UserService] Query executed successfully: SELECT * FROM users WHERE id=44218
2024-01-15 08:01:53 INFO [AuthService] Backup completed successfully
2024-01-15 08:05:42 WARN [PaymentService] Connection pool at 80% capacity
2024-01-15 08:05:45 WARN [MicroService] High CPU usage detected: 61%
2024-01-15 08:03:52 WARN [WebServer] EMERGENCY: CPU usage at 100% - immediate attention required
2024-01-15 08:09:45 INFO [UserService] User login successful: user_id=70692
2024-01-15 08:01:58 ERROR [CacheService] 2024-01-15 10:30:15 ERROR [Service] Incomplete log entry
2024-01-15 08:01:59 INFO [DatabaseService] User logout successful: user_id=99203
2024-01-15 08:08:00 ERROR [MicroService] ERROR: Out of memory - process killed
2024-01-15 08:08:04 ERROR [NotificationService] FATAL: Disk space at 1% - backup failed
2024-01-15 08:04:04 INFO [MicroService] Memory usage: 52%
2024-01-15 08:08:12 WARN [PaymentService] Slow query detected: 3.3s execution time
2024-01-15 08:10:20 ERROR [APIGateway] Disk space low: 38% remaining
2024-01-15 08:10:25 ERROR [UserService] FATAL: Disk space at 1% - backup failed
2024-01-15 08:08:24 INFO [AuthService] Data synchronized successfully
2024-01-15 08:08:28 WARN [APIGateway] Disk space at 85% capacity
2024-01-15 08:10:40 ERROR [SystemService] Backup failed: insufficient space
2024-01-15 08:08:36 ERROR [QueueService] Token expired
2024-01-15 08:10:50 WARN [DatabaseService] High CPU usage detected: 39%
2024-01-15 08:08:44 WARN [SystemService] Cache miss for key: user_preferences_97362
2024-01-15 08:02:12 ERROR [QueueService] Transaction rollback required
2024-01-15 08:06:39 ERROR [APIGateway] Configuration validation failed
2024-01-15 08:02:14 WARN [MicroService] Slow query detected: 3.9s execution time
2024-01-15 08:04:30 ERROR [AuthService] Transaction rollback required
2024-01-15 08:09:04 ERROR [UserService] Service unavailable: dependency down
2024-01-15 08:04:34 WARN [WebServer] Slow query detected: 4.7s execution time
2024-01-15 08:04:36 ERROR [MicroService] Disk space low: 43% remaining
2024-01-15 08:06:57 WARN [QueueService] MALFORMED_LOG_ENTRY_WITHOUT_PROPER_FORMAT
2024-01-15 08:07:00 ERROR [WebServer] Connection timeout after 30s
2024-01-15 08:07:03 INFO [SystemService] Service started successfully
2024-01-15 08:09:28 ERROR [APIGateway] FATAL: Disk space at 1% - backup failed
2024-01-15 08:02:23 ERROR [QueueService] 2024-01-15 10:30:15 ERROR [Service] Incomplete log entry
2024-01-15 08:07:12 ERROR [APIGateway] Failover to secondary database
2024-01-15 08:04:50 INFO [UserService] CPU usage: 34%
2024-01-15 08:04:52 ERROR [DatabaseService] ERROR: File system read-only - data corruption possible
2024-01-15 08:04:54 ERROR [APIGateway] Token expired
2024-01-15 08:07:24 INFO [DatabaseService] CPU usage: 60%
2024-01-15 08:12:25 INFO [SystemService] Service started successfully
2024-01-15 08:12:30 ERROR [DatabaseService] Token expired
2024-01-15 08:05:02 WARN [UserService] Connection pool at 80% capacity
2024-01-15 08:05:04 INFO [QueueService] Backup completed successfully
2024-01-15 08:10:12 WARN [DatabaseService] Cache eviction: 4375 entries removed
2024-01-15 08:02:34 WARN [AuthService] Cache miss for key: user_preferences_76852
2024-01-15 08:12:55 ERROR [NotificationService] Deadlock detected in transaction
2024-01-15 08:05:12 INFO [PaymentService] Token validation successful
2024-01-15 08:10:28 ERROR [SystemService] Connection lost to primary database
2024-01-15 08:05:16 WARN [SystemService] High memory usage detected: 74%
2024-01-15 08:02:39 INFO [MicroService] Memory usage: 60%
2024-01-15 08:13:20 INFO [LoadBalancer] Token validation successful
2024-01-15 08:13:25 INFO [PaymentService] Health check passed
2024-01-15 08:02:42 ERROR [APIGateway] ERROR: Connection timeout after 60s - database unreachable
2024-01-15 08:05:26 ERROR [NotificationService] Token expired
2024-01-15 08:13:40 INFO [UserService] Configuration updated
2024-01-15 08:02:45 INFO [AuthService] Cache hit for key: user_profile_30122
2024-01-15 08:13:50 INFO [NotificationService] Backup completed successfully
2024-01-15 08:13:55 WARN [AuthService] High memory usage detected: 58%
2024-01-15 08:14:00 WARN [QueueService] Deprecated API endpoint accessed
2024-01-15 08:05:38 ERROR [NotificationService] Connection lost to primary database
2024-01-15 08:05:40 ERROR [QueueService] ERROR: File system read-only - data corruption possible
2024-01-15 08:11:24 ERROR [MicroService] Configuration validation failed
2024-01-15 08:05:44 WARN [DatabaseService] Cache miss for key: user_preferences_23993
2024-01-15 08:02:53 INFO [UserService] Request processed successfully
2024-01-15 08:14:30 INFO [UserService] Request processed successfully
2024-01-15 08:02:55 INFO [UserService] Cache hit for key: user_profile_22851
2024-01-15 08:05:52 WARN [NotificationService] EMERGENCY: CPU usage at 100% - immediate attention required
2024-01-15 08:08:51 INFO [WebServer] User profile loaded: user_id=89971
2024-01-15 08:02:58 ERROR [MicroService] Connection timeout after 30s
2024-01-15 08:11:56 INFO [MicroService] User login successful: user_id=13083
2024-01-15 08:15:00 INFO [PaymentService] Query executed successfully: SELECT * FROM users WHERE id=70741
2024-01-15 08:09:03 ERROR [DatabaseService] Configuration validation failed
2024-01-15 08:12:08 INFO [PaymentService] Configuration updated
2024-01-15 08:12:12 WARN [LoadBalancer] Cache miss for key: user_preferences_75426
2024-01-15 08:12:16 ERROR [QueueService] Service unavailable: dependency down
2024-01-15 08:12:20 WARN [AuthService] SSL certificate expires in 30 days
2024-01-15 08:03:06 INFO [WebServer] Request processed successfully
2024-01-15 08:06:14 INFO [APIGateway] CPU usage: 16%
2024-01-15 08:15:40 INFO [APIGateway] Health check passed
2024-01-15 08:06:18 WARN [APIGateway] High memory usage detected: 32%
2024-01-15 08:09:30 ERROR [WebServer] Connection lost to primary database
2024-01-15 08:09:33 INFO [DatabaseService] Service started successfully
2024-01-15 08:16:00 INFO [UserService] Cache hit for key: user_profile_69973
2024-01-15 08:16:05 INFO [SystemService] CPU usage: 15%
2024-01-15 08:03:14 ERROR [CacheService] ERROR: Multiple authentication failures from IP 192.168.1.100
2024-01-15 08:03:15 INFO [AuthService] Data synchronized successfully
2024-01-15 08:13:04 WARN [AuthService] Cache eviction: 1804 entries removed
2024-01-15 08:09:51 INFO [NotificationService] Data synchronized successfully
2024-01-15 08:16:30 ERROR [DatabaseService] Token expired
2024-01-15 08:13:16 ERROR [CacheService] Configuration validation failed
